###############################################################################
#
# IAR ELF Linker V9.30.1.335/W64 for ARM                  29/Sep/2023  15:37:33
# Copyright 2007-2022 IAR Systems AB.
#
#    Output file  =  F:\work\Lab1\Debug\Exe\iarproject.out
#    Map file     =  F:\work\Lab1\Debug\List\iarproject.map
#    Command line =
#        -f F:\work\Lab1\Debug\Exe\iarproject.out.rsp
#        (F:\work\Lab1\Debug\Obj\main.o F:\work\Lab1\Debug\Obj\startupF411RE.o
#        --no_out_extension -o F:\work\Lab1\Debug\Exe\iarproject.out --map
#        F:\work\Lab1\Debug\List\iarproject.map --log
#        libraries,initialization,modules,redirects,sections,veneers,unused_fragments,call_graph
#        --log_file F:\work\Lab1\Debug\List\iarproject.log --config
#        F:\work\Lab1\stm32f411xE.icf --semihosting --entry __iar_program_start
#        --vfe --text_out locale --cpu=Cortex-M4 --fpu=VFPv4_sp)
#
###############################################################################

*******************************************************************************
*** RUNTIME MODEL ATTRIBUTES
***

CppFlavor        = *
__CPP_Exceptions = Disabled
__CPP_Language   = C++14
__CPP_Library    = DLib
__CPP_Runtime    = 1
__SystemLibrary  = DLib
__dlib_version   = 6


*******************************************************************************
*** HEAP SELECTION
***

The basic heap was selected because --advanced_heap
was not specified and the application did not appear to
be primarily optimized for speed.


*******************************************************************************
*** PLACEMENT SUMMARY
***

"A0":  place at address 0x800'0000 { ro section .intvec };
"P1":  place in [from 0x800'0000 to 0x807'ffff] { ro };
define block CSTACK with size = 256, alignment = 8 { };
define block HEAP with size = 0, alignment = 8 { };
"P2":  place in [from 0x2000'0000 to 0x2001'ffff] {
          rw, block CSTACK, block HEAP };

No sections matched the following patterns:

  rw  in "P2"


  Section   Kind         Address   Size  Object
  -------   ----         -------   ----  ------
"A0":                             0x198
  .intvec   const     0x800'0000  0x198  startupF411RE.o [1]
                    - 0x800'0198  0x198

"P1":                             0x126
  .text     ro code   0x800'0198   0xa8  main.o [1]
  .text     ro code   0x800'0240   0x22  fpinit_M.o [3]
  .rodata   const     0x800'0262    0x1  unwind_debug.o [5]
  .text     ro code   0x800'0264   0x1e  cmain.o [4]
  .text     ro code   0x800'0282    0x4  low_level_init.o [2]
  .text     ro code   0x800'0286    0x4  exit.o [2]
  .text     ro code   0x800'028c    0xa  cexit.o [4]
  .text     ro code   0x800'0298   0x14  exit.o [5]
  .text     ro code   0x800'02ac   0x12  startupF411RE.o [1]
                    - 0x800'02be  0x126

"P2":                             0x100
  CSTACK             0x2000'0000  0x100  <Block>
    CSTACK  uninit   0x2000'0000  0x100  <Block tail>
                   - 0x2000'0100  0x100

Unused ranges:

         From           To      Size
         ----           --      ----
   0x800'02be   0x807'ffff  0x7'fd42
  0x2000'0100  0x2001'ffff  0x1'ff00



*******************************************************************************
*** MODULE SUMMARY
***

    Module            ro code  ro data  rw data
    ------            -------  -------  -------
command line/config:
    -------------------------------------------
    Total:

F:\work\Lab1\Debug\Obj: [1]
    main.o                168
    startupF411RE.o        18      408
    -------------------------------------------
    Total:                186      408

dl7M_tln.a: [2]
    exit.o                  4
    low_level_init.o        4
    -------------------------------------------
    Total:                  8

m7M_tls.a: [3]
    fpinit_M.o             34
    -------------------------------------------
    Total:                 34

rt7M_tl.a: [4]
    cexit.o                10
    cmain.o                30
    -------------------------------------------
    Total:                 40

shb_l.a: [5]
    exit.o                 20
    unwind_debug.o                   1
    -------------------------------------------
    Total:                 20        1

    Gaps                    5
    Linker created                          256
-----------------------------------------------
    Grand Total:          293      409      256


*******************************************************************************
*** ENTRY LIST
***

Entry                       Address   Size  Type      Object
-----                       -------   ----  ----      ------
?main                    0x800'0265         Code  Gb  cmain.o [4]
CSTACK$$Base            0x2000'0000          --   Gb  - Linker created -
CSTACK$$Limit           0x2000'0100          --   Gb  - Linker created -
DummyModule::handler()   0x800'02ad    0x2  Code  Gb  startupF411RE.o [1]
Region$$Table$$Base             0x0          --   Gb  - Linker created -
Region$$Table$$Limit            0x0          --   Gb  - Linker created -
__cmain                  0x800'0265         Code  Gb  cmain.o [4]
__exit                   0x800'0299   0x14  Code  Gb  exit.o [5]
__iar_debug_exceptions   0x800'0262    0x1  Data  Gb  unwind_debug.o [5]
__iar_init_vfp           0x800'0241         Code  Gb  fpinit_M.o [3]
__iar_program_start      0x800'02af   0x10  Code  Gb  startupF411RE.o [1]
__low_level_init         0x800'0283    0x4  Code  Gb  low_level_init.o [2]
__vector_table           0x800'0000  0x198  Data  Gb  startupF411RE.o [1]
_call_main               0x800'0271         Code  Gb  cmain.o [4]
_exit                    0x800'028d         Code  Gb  cexit.o [4]
delay(int)               0x800'0199    0xc  Code  Gb  main.o [1]
exit                     0x800'0287    0x4  Code  Gb  exit.o [2]
main                     0x800'01a5   0x82  Code  Gb  main.o [1]


[1] = F:\work\Lab1\Debug\Obj
[2] = dl7M_tln.a
[3] = m7M_tls.a
[4] = rt7M_tl.a
[5] = shb_l.a

  293 bytes of readonly  code memory
  409 bytes of readonly  data memory
  256 bytes of readwrite data memory

Errors: none
Warnings: none
